[22:34:07] ============================================================
[22:34:07] Maple Stump Distance POC v2 starting
[22:34:07] Script directory: C:\Users\Jake Lam\code\maple-automation
[22:34:07] AutoIt architecture: x64
[22:34:07] Administrator token: yes
[22:34:07] Desktop size: 2560x1440
[22:34:07] No keyboard hotkeys are registered
[22:34:07] ImageSearchDLL startup succeeded
[22:34:08] Target window bound via automatic process detection:
[22:34:08]   Title: 
[22:34:08]   Process: MapleSaga.exe
[22:34:08]   PID: 9104
[22:34:08]   Client region: 156,115 to 1435,834
[22:34:08]   Client size: 1280x720
[22:34:14] Continuous distance search enabled
[22:34:15] PLAYER FOUND template=SuperKiwi_selected.png x=739 y=495
[22:34:15] PLAYER FOUND but STUMP MISS after 248.54 ms
[22:34:15] PLAYER FOUND template=SuperKiwi_selected.png x=739 y=498
[22:34:15] PLAYER FOUND but STUMP MISS after 135.99 ms
[22:34:15] PLAYER FOUND template=SuperKiwi_selected.png x=739 y=500
[22:34:15] STUMP TEMPLATE HIT stump1.png matches=1
[22:34:15] STUMP TEMPLATE HIT stump5.png matches=1
[22:34:15] STUMP 1 template=stump1.png x=797 y=384 dx=41.5 dy=-105 distance=112.9
[22:34:15] DISTANCE RESULT: stumps=1; nearestIndex=0; dx=41.5; dy=-105; distance=112.9; elapsedMs=155.3
[22:34:15] PLAYER FOUND template=SuperKiwi_selected.png x=739 y=501
[22:34:15] PLAYER FOUND but STUMP MISS after 154.74 ms
[22:34:16] PLAYER FOUND template=SuperKiwi_selected.png x=739 y=501
[22:34:16] PLAYER FOUND but STUMP MISS after 172.95 ms
[22:34:16] PLAYER FOUND template=SuperKiwi_selected.png x=739 y=501
[22:34:16] STUMP TEMPLATE HIT stump4.png matches=1
[22:34:16] STUMP TEMPLATE HIT stump5.png matches=1
[22:34:16] STUMP 1 template=stump4.png x=744 y=378 dx=-12.5 dy=-119 distance=119.65
[22:34:16] DISTANCE RESULT: stumps=1; nearestIndex=0; dx=-12.5; dy=-119; distance=119.65; elapsedMs=225.5
[22:34:17] PLAYER FOUND template=SuperKiwi_selected.png x=739 y=501
[22:34:17] PLAYER FOUND but STUMP MISS after 218.11 ms
[22:34:17] PLAYER FOUND template=SuperKiwi_selected.png x=739 y=501
[22:34:17] PLAYER FOUND but STUMP MISS after 203.66 ms
[22:34:17] PLAYER FOUND template=SuperKiwi_selected.png x=739 y=501
[22:34:17] STUMP TEMPLATE HIT stump1.png matches=1
[22:34:17] STUMP TEMPLATE HIT stump5.png matches=2
[22:34:17] STUMP 1 template=stump1.png x=462 y=313 dx=-293.5 dy=-177 distance=342.74
[22:34:17] STUMP 2 template=stump5.png x=722 y=380 dx=-31.5 dy=-114 distance=118.27
[22:34:17] DISTANCE RESULT: stumps=2; nearestIndex=1; dx=-31.5; dy=-114; distance=118.27; elapsedMs=201.37
[22:34:17] PLAYER FOUND template=SuperKiwi_selected.png x=739 y=501
[22:34:17] STUMP TEMPLATE HIT stump1.png matches=1
[22:34:17] STUMP TEMPLATE HIT stump5.png matches=1
[22:34:17] STUMP 1 template=stump1.png x=460 y=313 dx=-295.5 dy=-177 distance=344.46
[22:34:17] DISTANCE RESULT: stumps=1; nearestIndex=0; dx=-295.5; dy=-177; distance=344.46; elapsedMs=167.38
[22:34:18] PLAYER FOUND template=SuperKiwi_selected.png x=739 y=501
[22:34:18] STUMP TEMPLATE HIT stump1.png matches=1
[22:34:18] STUMP TEMPLATE HIT stump5.png matches=1
[22:34:18] STUMP 1 template=stump1.png x=461 y=313 dx=-294.5 dy=-177 distance=343.6
[22:34:18] DISTANCE RESULT: stumps=1; nearestIndex=0; dx=-294.5; dy=-177; distance=343.6; elapsedMs=226.84
[22:34:18] PLAYER FOUND template=SuperKiwi_selected.png x=739 y=501
[22:34:18] STUMP TEMPLATE HIT stump1.png matches=2
[22:34:19] STUMP TEMPLATE HIT stump5.png matches=2
[22:34:19] STUMP 1 template=stump1.png x=461 y=313 dx=-294.5 dy=-177 distance=343.6
[22:34:19] STUMP 2 template=stump1.png x=785 y=383 dx=29.5 dy=-107 distance=110.99
[22:34:19] DISTANCE RESULT: stumps=2; nearestIndex=1; dx=29.5; dy=-107; distance=110.99; elapsedMs=245.58
[22:34:19] PLAYER FOUND template=SuperKiwi_selected.png x=739 y=501
[22:34:19] STUMP TEMPLATE HIT stump1.png matches=2
[22:34:19] STUMP TEMPLATE HIT stump5.png matches=2
[22:34:19] STUMP 1 template=stump1.png x=461 y=313 dx=-294.5 dy=-177 distance=343.6
[22:34:19] STUMP 2 template=stump1.png x=786 y=383 dx=30.5 dy=-107 distance=111.26
[22:34:19] DISTANCE RESULT: stumps=2; nearestIndex=1; dx=30.5; dy=-107; distance=111.26; elapsedMs=252.01
[22:34:19] PLAYER FOUND template=SuperKiwi_selected.png x=739 y=501
[22:34:19] STUMP TEMPLATE HIT stump1.png matches=2
[22:34:19] STUMP TEMPLATE HIT stump5.png matches=2
[22:34:19] STUMP 1 template=stump1.png x=461 y=313 dx=-294.5 dy=-177 distance=343.6
[22:34:19] STUMP 2 template=stump1.png x=786 y=383 dx=30.5 dy=-107 distance=111.26
[22:34:19] DISTANCE RESULT: stumps=2; nearestIndex=1; dx=30.5; dy=-107; distance=111.26; elapsedMs=169.89
[22:34:19] PLAYER FOUND template=SuperKiwi_selected.png x=739 y=501
[22:34:19] STUMP TEMPLATE HIT stump1.png matches=2
[22:34:19] STUMP TEMPLATE HIT stump5.png matches=1
[22:34:19] STUMP 1 template=stump1.png x=461 y=313 dx=-294.5 dy=-177 distance=343.6
[22:34:19] STUMP 2 template=stump1.png x=786 y=383 dx=30.5 dy=-107 distance=111.26
[22:34:19] DISTANCE RESULT: stumps=2; nearestIndex=1; dx=30.5; dy=-107; distance=111.26; elapsedMs=187.73
[22:34:19] PLAYER FOUND template=SuperKiwi_selected.png x=739 y=501
[22:34:19] STUMP TEMPLATE HIT stump1.png matches=1
[22:34:20] STUMP 1 template=stump1.png x=786 y=383 dx=30.5 dy=-107 distance=111.26
[22:34:20] DISTANCE RESULT: stumps=1; nearestIndex=0; dx=30.5; dy=-107; distance=111.26; elapsedMs=164.08
[22:34:20] PLAYER FOUND template=SuperKiwi_selected.png x=739 y=501
[22:34:20] PLAYER FOUND but STUMP MISS after 223.83 ms
[22:34:20] PLAYER FOUND template=SuperKiwi_selected.png x=739 y=501
[22:34:21] STUMP TEMPLATE HIT stump4.png matches=1
[22:34:21] STUMP 1 template=stump4.png x=433 y=314 dx=-323.5 dy=-183 distance=371.67
[22:34:21] DISTANCE RESULT: stumps=1; nearestIndex=0; dx=-323.5; dy=-183; distance=371.67; elapsedMs=224.29
[22:34:21] PLAYER FOUND template=SuperKiwi_selected.png x=739 y=501
[22:34:21] STUMP TEMPLATE HIT stump1.png matches=1
[22:34:21] STUMP TEMPLATE HIT stump5.png matches=1
[22:34:21] STUMP 1 template=stump1.png x=437 y=316 dx=-318.5 dy=-174 distance=362.93
[22:34:21] DISTANCE RESULT: stumps=1; nearestIndex=0; dx=-318.5; dy=-174; distance=362.93; elapsedMs=204.22
[22:34:21] PLAYER FOUND template=SuperKiwi_selected.png x=739 y=501
[22:34:21] STUMP TEMPLATE HIT stump5.png matches=1
[22:34:21] STUMP 1 template=stump5.png x=422 y=316 dx=-331.5 dy=-178 distance=376.27
[22:34:21] DISTANCE RESULT: stumps=1; nearestIndex=0; dx=-331.5; dy=-178; distance=376.27; elapsedMs=173.12
[22:34:21] PLAYER FOUND template=SuperKiwi_selected.png x=739 y=501
[22:34:21] STUMP TEMPLATE HIT stump1.png matches=1
[22:34:21] STUMP TEMPLATE HIT stump5.png matches=1
[22:34:21] STUMP 1 template=stump1.png x=420 y=316 dx=-335.5 dy=-174 distance=377.94
[22:34:21] DISTANCE RESULT: stumps=1; nearestIndex=0; dx=-335.5; dy=-174; distance=377.94; elapsedMs=203.58
[22:34:21] PLAYER FOUND template=SuperKiwi_selected.png x=739 y=501
[22:34:22] STUMP TEMPLATE HIT stump1.png matches=1
[22:34:22] STUMP TEMPLATE HIT stump5.png matches=1
[22:34:22] STUMP 1 template=stump1.png x=419 y=316 dx=-336.5 dy=-174 distance=378.82
[22:34:22] DISTANCE RESULT: stumps=1; nearestIndex=0; dx=-336.5; dy=-174; distance=378.82; elapsedMs=159.53
[22:34:22] PLAYER FOUND template=SuperKiwi_selected.png x=739 y=501
[22:34:22] PLAYER FOUND but STUMP MISS after 224.49 ms
[22:34:22] PLAYER FOUND template=SuperKiwi_selected.png x=739 y=501
[22:34:23] PLAYER FOUND but STUMP MISS after 178.58 ms
[22:34:23] PLAYER FOUND template=SuperKiwi_selected.png x=739 y=501
[22:34:23] PLAYER FOUND but STUMP MISS after 196.47 ms
[22:34:23] PLAYER FOUND template=SuperKiwi_selected.png x=739 y=501
[22:34:23] PLAYER FOUND but STUMP MISS after 162.2 ms
[22:34:23] PLAYER FOUND template=SuperKiwi_selected.png x=739 y=501
[22:34:23] PLAYER FOUND but STUMP MISS after 169.08 ms
[22:34:24] PLAYER FOUND template=SuperKiwi_selected.png x=739 y=484
[22:34:24] PLAYER FOUND but STUMP MISS after 152.39 ms
[22:34:24] PLAYER MISS across all 3 templates
[22:34:24] PLAYER MISS and STUMP MISS after 210.46 ms
[22:34:24] PLAYER FOUND template=SuperKiwi_text.png x=720 y=475
[22:34:25] STUMP TEMPLATE HIT stump1.png matches=1
[22:34:25] STUMP TEMPLATE HIT stump3.png matches=1
[22:34:25] STUMP TEMPLATE HIT stump5.png matches=1
[22:34:25] STUMP 1 template=stump1.png x=430 y=360 dx=-296.5 dy=-101 distance=313.23
[22:34:25] STUMP 2 template=stump3.png x=190 y=372 dx=-530 dy=-89.5 distance=537.5
[22:34:25] DISTANCE RESULT: stumps=2; nearestIndex=0; dx=-296.5; dy=-101; distance=313.23; elapsedMs=288.24
[22:34:25] PLAYER FOUND template=SuperKiwi_selected.png x=686 y=478
[22:34:25] STUMP TEMPLATE HIT stump1.png matches=1
[22:34:25] STUMP TEMPLATE HIT stump5.png matches=1
[22:34:25] STUMP 1 template=stump1.png x=446 y=369 dx=-256.5 dy=-98 distance=274.58
[22:34:25] DISTANCE RESULT: stumps=1; nearestIndex=0; dx=-256.5; dy=-98; distance=274.58; elapsedMs=190.11
[22:34:25] PLAYER FOUND template=SuperKiwi_selected.png x=673 y=483
[22:34:25] STUMP TEMPLATE HIT stump1.png matches=1
[22:34:25] STUMP TEMPLATE HIT stump5.png matches=1
[22:34:25] STUMP 1 template=stump1.png x=466 y=375 dx=-223.5 dy=-97 distance=243.64
[22:34:25] DISTANCE RESULT: stumps=1; nearestIndex=0; dx=-223.5; dy=-97; distance=243.64; elapsedMs=179.85
[22:34:25] PLAYER FOUND template=SuperKiwi_selected.png x=669 y=487
[22:34:25] STUMP TEMPLATE HIT stump1.png matches=1
[22:34:25] STUMP TEMPLATE HIT stump3.png matches=1
[22:34:25] STUMP TEMPLATE HIT stump4.png matches=1
[22:34:25] STUMP TEMPLATE HIT stump5.png matches=1
[22:34:25] STUMP 1 template=stump1.png x=490 y=379 dx=-195.5 dy=-97 distance=218.24
[22:34:25] STUMP 2 template=stump3.png x=279 y=389 dx=-400 dy=-87.5 distance=409.46
[22:34:25] STUMP 3 template=stump4.png x=803 y=442 dx=116.5 dy=-41 distance=123.5
[22:34:25] DISTANCE RESULT: stumps=3; nearestIndex=2; dx=116.5; dy=-41; distance=123.5; elapsedMs=213.75
[22:34:26] PLAYER FOUND template=SuperKiwi_selected.png x=689 y=491
[22:34:26] STUMP TEMPLATE HIT stump1.png matches=2
[22:34:26] STUMP TEMPLATE HIT stump5.png matches=1
[22:34:26] STUMP 1 template=stump1.png x=511 y=384 dx=-194.5 dy=-96 distance=216.9
[22:34:26] STUMP 2 template=stump1.png x=822 y=448 dx=116.5 dy=-32 distance=120.81
[22:34:26] DISTANCE RESULT: stumps=2; nearestIndex=1; dx=116.5; dy=-32; distance=120.81; elapsedMs=190.07
[22:34:26] PLAYER FOUND template=SuperKiwi_selected.png x=719 y=500
[22:34:26] STUMP TEMPLATE HIT stump3.png matches=1
[22:34:27] STUMP TEMPLATE HIT stump5.png matches=1
[22:34:27] STUMP 1 template=stump3.png x=901 y=458 dx=172 dy=-31.5 distance=174.86
[22:34:27] STUMP 2 template=stump5.png x=299 y=405 dx=-434.5 dy=-88 distance=443.32
[22:34:27] DISTANCE RESULT: stumps=2; nearestIndex=0; dx=172; dy=-31.5; distance=174.86; elapsedMs=252.72
[22:34:27] PLAYER FOUND template=SuperKiwi_selected.png x=725 y=501
[22:34:27] STUMP TEMPLATE HIT stump1.png matches=2
[22:34:27] STUMP TEMPLATE HIT stump3.png matches=1
[22:34:27] STUMP TEMPLATE HIT stump4.png matches=1
[22:34:27] STUMP TEMPLATE HIT stump5.png matches=1
[22:34:27] STUMP 1 template=stump1.png x=301 y=405 dx=-440.5 dy=-85 distance=448.63
[22:34:27] STUMP 2 template=stump1.png x=920 y=461 dx=178.5 dy=-29 distance=180.84
[22:34:27] STUMP 3 template=stump3.png x=384 y=401 dx=-351 dy=-89.5 distance=362.23
[22:34:27] STUMP 4 template=stump4.png x=803 y=453 dx=60.5 dy=-44 distance=74.81
[22:34:27] DISTANCE RESULT: stumps=4; nearestIndex=3; dx=60.5; dy=-44; distance=74.81; elapsedMs=295.46
[22:34:27] PLAYER FOUND template=SuperKiwi_selected.png x=730 y=501
[22:34:27] STUMP TEMPLATE HIT stump1.png matches=2
[22:34:27] STUMP TEMPLATE HIT stump5.png matches=2
[22:34:27] STUMP 1 template=stump1.png x=303 y=405 dx=-443.5 dy=-85 distance=451.57
[22:34:27] STUMP 2 template=stump1.png x=809 y=455 dx=62.5 dy=-35 distance=71.63
[22:34:27] DISTANCE RESULT: stumps=2; nearestIndex=1; dx=62.5; dy=-35; distance=71.63; elapsedMs=219.51
[22:34:27] PLAYER FOUND template=SuperKiwi_selected.png x=734 y=501
[22:34:27] STUMP TEMPLATE HIT stump1.png matches=2
[22:34:27] STUMP TEMPLATE HIT stump3.png matches=1
[22:34:27] STUMP TEMPLATE HIT stump5.png matches=2
[22:34:27] STUMP 1 template=stump1.png x=308 y=405 dx=-442.5 dy=-85 distance=450.59
[22:34:27] STUMP 2 template=stump1.png x=808 y=455 dx=57.5 dy=-35 distance=67.31
[22:34:27] STUMP 3 template=stump3.png x=587 y=388 dx=-157 dy=-102.5 distance=187.5
[22:34:27] DISTANCE RESULT: stumps=3; nearestIndex=1; dx=57.5; dy=-35; distance=67.31; elapsedMs=265.76
[22:34:28] PLAYER FOUND template=SuperKiwi_selected.png x=737 y=501
[22:34:28] STUMP TEMPLATE HIT stump1.png matches=2
[22:34:28] STUMP TEMPLATE HIT stump5.png matches=2
[22:34:28] STUMP 1 template=stump1.png x=313 y=405 dx=-440.5 dy=-85 distance=448.63
[22:34:28] STUMP 2 template=stump1.png x=813 y=455 dx=59.5 dy=-35 distance=69.03
[22:34:28] DISTANCE RESULT: stumps=2; nearestIndex=1; dx=59.5; dy=-35; distance=69.03; elapsedMs=192.55
[22:34:28] PLAYER FOUND template=SuperKiwi_selected.png x=739 y=501
[22:34:28] STUMP TEMPLATE HIT stump1.png matches=2
[22:34:29] STUMP TEMPLATE HIT stump5.png matches=1
[22:34:29] STUMP 1 template=stump1.png x=414 y=403 dx=-341.5 dy=-87 distance=352.41
[22:34:29] STUMP 2 template=stump1.png x=815 y=455 dx=59.5 dy=-35 distance=69.03
[22:34:29] DISTANCE RESULT: stumps=2; nearestIndex=1; dx=59.5; dy=-35; distance=69.03; elapsedMs=272.24
[22:34:29] PLAYER FOUND template=SuperKiwi_selected.png x=739 y=501
[22:34:29] STUMP TEMPLATE HIT stump1.png matches=2
[22:34:29] STUMP TEMPLATE HIT stump5.png matches=2
[22:34:29] STUMP 1 template=stump1.png x=815 y=455 dx=59.5 dy=-35 distance=69.03
[22:34:29] STUMP 2 template=stump1.png x=862 y=457 dx=106.5 dy=-33 distance=111.5
[22:34:29] DISTANCE RESULT: stumps=2; nearestIndex=0; dx=59.5; dy=-35; distance=69.03; elapsedMs=246.74
[22:34:29] PLAYER FOUND template=SuperKiwi_selected.png x=739 y=501
[22:34:29] STUMP TEMPLATE HIT stump1.png matches=1
[22:34:29] STUMP TEMPLATE HIT stump5.png matches=3
[22:34:29] STUMP 1 template=stump1.png x=857 y=457 dx=101.5 dy=-33 distance=106.73
[22:34:29] STUMP 2 template=stump5.png x=387 y=403 dx=-366.5 dy=-91 distance=377.63
[22:34:29] STUMP 3 template=stump5.png x=811 y=455 dx=57.5 dy=-39 distance=69.48
[22:34:29] DISTANCE RESULT: stumps=3; nearestIndex=2; dx=57.5; dy=-39; distance=69.48; elapsedMs=204.45
[22:34:29] PLAYER FOUND template=SuperKiwi_selected.png x=739 y=501
[22:34:29] STUMP TEMPLATE HIT stump1.png matches=2
[22:34:29] STUMP TEMPLATE HIT stump5.png matches=3
[22:34:29] STUMP 1 template=stump1.png x=629 y=390 dx=-126.5 dy=-100 distance=161.25
[22:34:29] STUMP 2 template=stump1.png x=858 y=457 dx=102.5 dy=-33 distance=107.68
[22:34:29] STUMP 3 template=stump5.png x=811 y=455 dx=57.5 dy=-39 distance=69.48
[22:34:29] DISTANCE RESULT: stumps=3; nearestIndex=2; dx=57.5; dy=-39; distance=69.48; elapsedMs=216.52
[22:34:30] PLAYER FOUND template=SuperKiwi_selected.png x=739 y=501
[22:34:30] STUMP TEMPLATE HIT stump1.png matches=2
[22:34:30] STUMP TEMPLATE HIT stump4.png matches=1
[22:34:30] STUMP TEMPLATE HIT stump5.png matches=2
[22:34:30] STUMP 1 template=stump1.png x=815 y=455 dx=59.5 dy=-35 distance=69.03
[22:34:30] STUMP 2 template=stump1.png x=860 y=457 dx=104.5 dy=-33 distance=109.59
[22:34:30] STUMP 3 template=stump4.png x=361 y=402 dx=-395.5 dy=-95 distance=406.75
[22:34:30] DISTANCE RESULT: stumps=3; nearestIndex=0; dx=59.5; dy=-35; distance=69.03; elapsedMs=220.81
[22:34:30] PLAYER FOUND template=SuperKiwi_selected.png x=739 y=501
[22:34:30] STUMP TEMPLATE HIT stump1.png matches=4
[22:34:30] STUMP TEMPLATE HIT stump5.png matches=4
[22:34:30] STUMP 1 template=stump1.png x=631 y=390 dx=-124.5 dy=-100 distance=159.69
[22:34:30] STUMP 2 template=stump1.png x=364 y=404 dx=-391.5 dy=-86 distance=400.83
[22:34:30] STUMP 3 template=stump1.png x=815 y=455 dx=59.5 dy=-35 distance=69.03
[22:34:30] STUMP 4 template=stump1.png x=862 y=457 dx=106.5 dy=-33 distance=111.5
[22:34:30] DISTANCE RESULT: stumps=4; nearestIndex=2; dx=59.5; dy=-35; distance=69.03; elapsedMs=224.91
[22:34:31] PLAYER FOUND template=SuperKiwi_selected.png x=739 y=501
[22:34:31] STUMP TEMPLATE HIT stump1.png matches=3
[22:34:31] STUMP TEMPLATE HIT stump5.png matches=2
[22:34:31] STUMP 1 template=stump1.png x=629 y=390 dx=-126.5 dy=-100 distance=161.25
[22:34:31] STUMP 2 template=stump1.png x=815 y=455 dx=59.5 dy=-35 distance=69.03
[22:34:31] STUMP 3 template=stump1.png x=862 y=457 dx=106.5 dy=-33 distance=111.5
[22:34:31] DISTANCE RESULT: stumps=3; nearestIndex=1; dx=59.5; dy=-35; distance=69.03; elapsedMs=282.11
[22:34:31] PLAYER FOUND template=SuperKiwi_selected.png x=761 y=490
[22:34:31] STUMP TEMPLATE HIT stump1.png matches=1
[22:34:31] STUMP TEMPLATE HIT stump4.png matches=1
[22:34:31] STUMP TEMPLATE HIT stump5.png matches=1
[22:34:31] STUMP 1 template=stump1.png x=863 y=461 dx=85.5 dy=-18 distance=87.37
[22:34:31] STUMP 2 template=stump4.png x=604 y=392 dx=-174.5 dy=-94 distance=198.21
[22:34:31] DISTANCE RESULT: stumps=2; nearestIndex=0; dx=85.5; dy=-18; distance=87.37; elapsedMs=290.44
[22:34:31] PLAYER FOUND template=SuperKiwi_selected.png x=745 y=505
[22:34:31] STUMP TEMPLATE HIT stump1.png matches=1
[22:34:32] STUMP TEMPLATE HIT stump4.png matches=1
[22:34:32] STUMP TEMPLATE HIT stump5.png matches=1
[22:34:32] STUMP 1 template=stump1.png x=863 y=461 dx=101.5 dy=-33 distance=106.73
[22:34:32] STUMP 2 template=stump4.png x=397 y=405 dx=-365.5 dy=-96 distance=377.9
[22:34:32] DISTANCE RESULT: stumps=2; nearestIndex=0; dx=101.5; dy=-33; distance=106.73; elapsedMs=209.27
[22:34:32] PLAYER FOUND template=SuperKiwi_selected.png x=716 y=504
[22:34:32] STUMP TEMPLATE HIT stump1.png matches=1
[22:34:32] STUMP TEMPLATE HIT stump5.png matches=1
[22:34:32] STUMP 1 template=stump1.png x=868 y=461 dx=135.5 dy=-32 distance=139.23
[22:34:32] DISTANCE RESULT: stumps=1; nearestIndex=0; dx=135.5; dy=-32; distance=139.23; elapsedMs=175.58
[22:34:32] PLAYER FOUND template=SuperKiwi_selected.png x=693 y=503
[22:34:32] STUMP TEMPLATE HIT stump1.png matches=2
[22:34:32] STUMP TEMPLATE HIT stump4.png matches=1
[22:34:32] STUMP TEMPLATE HIT stump5.png matches=2
[22:34:32] STUMP 1 template=stump1.png x=302 y=410 dx=-407.5 dy=-82 distance=415.67
[22:34:32] STUMP 2 template=stump1.png x=880 y=461 dx=170.5 dy=-31 distance=173.3
[22:34:32] STUMP 3 template=stump4.png x=596 y=394 dx=-114.5 dy=-105 distance=155.36
[22:34:32] DISTANCE RESULT: stumps=3; nearestIndex=2; dx=-114.5; dy=-105; distance=155.36; elapsedMs=211.32
[22:34:33] PLAYER FOUND template=SuperKiwi_selected.png x=660 y=536
[22:34:33] STUMP TEMPLATE HIT stump1.png matches=1
[22:34:33] STUMP 1 template=stump1.png x=657 y=400 dx=-19.5 dy=-125 distance=126.51
[22:34:33] DISTANCE RESULT: stumps=1; nearestIndex=0; dx=-19.5; dy=-125; distance=126.51; elapsedMs=232.39
[22:34:33] PLAYER FOUND template=SuperKiwi_selected.png x=657 y=678
[22:34:33] PLAYER FOUND but STUMP MISS after 178.37 ms
[22:34:33] PLAYER MISS across all 3 templates
[22:34:34] STUMP TEMPLATE HIT stump4.png matches=1
[22:34:34] STUMPS FOUND WITHOUT PLAYER: count=1; elapsedMs=131.94
[22:34:34] PLAYER MISS across all 3 templates
[22:34:34] STUMP TEMPLATE HIT stump1.png matches=1
[22:34:34] STUMP TEMPLATE HIT stump5.png matches=1
[22:34:34] STUMPS FOUND WITHOUT PLAYER: count=2; elapsedMs=135.74
[22:34:34] PLAYER FOUND template=SuperKiwi_text.png x=720 y=690
[22:34:34] PLAYER FOUND but STUMP MISS after 170.26 ms
[22:34:35] PLAYER FOUND template=SuperKiwi_selected.png x=757 y=601
[22:34:35] PLAYER FOUND but STUMP MISS after 206.32 ms
[22:34:35] PLAYER FOUND template=SuperKiwi_selected.png x=743 y=589
[22:34:35] PLAYER FOUND but STUMP MISS after 159.35 ms
[22:34:35] PLAYER FOUND template=SuperKiwi_selected.png x=743 y=581
[22:34:35] PLAYER FOUND but STUMP MISS after 195.48 ms
[22:34:36] PLAYER FOUND template=SuperKiwi_selected.png x=743 y=575
[22:34:36] PLAYER FOUND but STUMP MISS after 149.84 ms
[22:34:36] PLAYER FOUND template=SuperKiwi_selected.png x=743 y=570
[22:34:36] PLAYER FOUND but STUMP MISS after 149.06 ms
[22:34:36] PLAYER FOUND template=SuperKiwi_selected.png x=752 y=566
[22:34:36] PLAYER FOUND but STUMP MISS after 148.38 ms
[22:34:37] PLAYER FOUND template=SuperKiwi_selected.png x=830 y=557
[22:34:37] PLAYER FOUND but STUMP MISS after 217.7 ms
[22:34:37] PLAYER FOUND template=SuperKiwi_selected.png x=848 y=557
[22:34:37] PLAYER FOUND but STUMP MISS after 182.3 ms
[22:34:37] PLAYER FOUND template=SuperKiwi_selected.png x=860 y=555
[22:34:37] PLAYER FOUND but STUMP MISS after 161.36 ms
[22:34:38] PLAYER FOUND template=SuperKiwi_selected.png x=868 y=554
[22:34:38] STUMP TEMPLATE HIT stump5.png matches=1
[22:34:38] STUMP 1 template=stump5.png x=632 y=514 dx=-250.5 dy=-33 distance=252.66
[22:34:38] DISTANCE RESULT: stumps=1; nearestIndex=0; dx=-250.5; dy=-33; distance=252.66; elapsedMs=153.17
[22:34:38] PLAYER FOUND template=SuperKiwi_selected.png x=863 y=553
[22:34:38] PLAYER FOUND but STUMP MISS after 180.16 ms
[22:34:38] PLAYER FOUND template=SuperKiwi_selected.png x=839 y=553
[22:34:38] PLAYER FOUND but STUMP MISS after 136.59 ms
[22:34:39] PLAYER FOUND template=SuperKiwi_selected.png x=815 y=553
[22:34:39] PLAYER FOUND but STUMP MISS after 205.67 ms
[22:34:39] PLAYER FOUND template=SuperKiwi_selected.png x=809 y=553
[22:34:39] PLAYER FOUND but STUMP MISS after 151.54 ms
[22:34:39] PLAYER FOUND template=SuperKiwi_selected.png x=805 y=553
[22:34:39] PLAYER FOUND but STUMP MISS after 139.74 ms
[22:34:40] PLAYER FOUND template=SuperKiwi_selected.png x=801 y=553
[22:34:40] PLAYER FOUND but STUMP MISS after 139.24 ms
[22:34:40] PLAYER FOUND template=SuperKiwi_selected.png x=799 y=553
[22:34:40] PLAYER FOUND but STUMP MISS after 141.57 ms
[22:34:40] PLAYER FOUND template=SuperKiwi_selected.png x=796 y=553
[22:34:40] PLAYER FOUND but STUMP MISS after 178.76 ms
[22:34:41] PLAYER FOUND template=SuperKiwi_selected.png x=791 y=553
[22:34:41] PLAYER FOUND but STUMP MISS after 208.18 ms
[22:34:41] PLAYER FOUND template=SuperKiwi_selected.png x=760 y=555
[22:34:41] PLAYER FOUND but STUMP MISS after 203.38 ms
[22:34:41] PLAYER FOUND template=SuperKiwi_selected.png x=726 y=556
[22:34:41] PLAYER FOUND but STUMP MISS after 158.58 ms
[22:34:42] PLAYER FOUND template=SuperKiwi_selected.png x=699 y=557
[22:34:42] PLAYER FOUND but STUMP MISS after 146.85 ms
[22:34:42] PLAYER FOUND template=SuperKiwi_selected.png x=681 y=557
[22:34:42] PLAYER FOUND but STUMP MISS after 136.15 ms
[22:34:42] PLAYER FOUND template=SuperKiwi_selected.png x=670 y=559
[22:34:42] PLAYER FOUND but STUMP MISS after 136.83 ms
[22:34:43] PLAYER FOUND template=SuperKiwi_selected.png x=702 y=557
[22:34:43] PLAYER FOUND but STUMP MISS after 227.13 ms
[22:34:43] PLAYER FOUND template=SuperKiwi_selected.png x=712 y=557
[22:34:43] PLAYER FOUND but STUMP MISS after 149.09 ms
[22:34:43] PLAYER FOUND template=SuperKiwi_text.png x=730 y=562
[22:34:44] PLAYER FOUND but STUMP MISS after 154.95 ms
[22:34:44] PLAYER FOUND template=SuperKiwi_selected.png x=725 y=557
[22:34:44] PLAYER FOUND but STUMP MISS after 140.6 ms
[22:34:44] PLAYER MISS across all 3 templates
[22:34:44] PLAYER MISS and STUMP MISS after 158.3 ms
[22:34:44] PLAYER FOUND template=SuperKiwi_text.png x=745 y=562
[22:34:44] PLAYER FOUND but STUMP MISS after 181.38 ms
[22:34:45] PLAYER FOUND template=SuperKiwi_text.png x=750 y=562
[22:34:45] PLAYER FOUND but STUMP MISS after 227.49 ms
[22:34:45] PLAYER FOUND template=SuperKiwi_selected.png x=739 y=557
[22:34:45] PLAYER FOUND but STUMP MISS after 147.08 ms
[22:34:46] PLAYER FOUND template=SuperKiwi_selected.png x=739 y=557
[22:34:46] PLAYER FOUND but STUMP MISS after 136.69 ms
[22:34:46] PLAYER FOUND template=SuperKiwi_text.png x=750 y=562
[22:34:46] PLAYER FOUND but STUMP MISS after 173.47 ms
[22:34:46] PLAYER FOUND template=SuperKiwi_selected.png x=739 y=557
[22:34:46] PLAYER FOUND but STUMP MISS after 151.99 ms
[22:34:46] PLAYER FOUND template=SuperKiwi_selected.png x=739 y=557
[22:34:47] PLAYER FOUND but STUMP MISS after 139.61 ms
[22:34:47] PLAYER FOUND template=SuperKiwi_selected.png x=739 y=557
[22:34:47] PLAYER FOUND but STUMP MISS after 169.08 ms
[22:34:47] PLAYER FOUND template=SuperKiwi_selected.png x=736 y=557
[22:34:47] PLAYER FOUND but STUMP MISS after 137.98 ms
[22:34:48] PLAYER FOUND template=SuperKiwi_text.png x=739 y=562
[22:34:48] PLAYER FOUND but STUMP MISS after 156.76 ms
[22:34:48] PLAYER FOUND template=SuperKiwi_selected.png x=732 y=557
[22:34:48] PLAYER FOUND but STUMP MISS after 160.88 ms
[22:34:48] PLAYER FOUND template=SuperKiwi_selected.png x=734 y=557
[22:34:48] PLAYER FOUND but STUMP MISS after 146.08 ms
[22:34:49] PLAYER FOUND template=SuperKiwi_selected.png x=705 y=557
[22:34:49] PLAYER FOUND but STUMP MISS after 168.96 ms
[22:34:49] PLAYER MISS across all 3 templates
[22:34:49] PLAYER MISS and STUMP MISS after 177.76 ms
[22:34:50] PLAYER MISS across all 3 templates
[22:34:50] PLAYER MISS and STUMP MISS after 132.33 ms
[22:34:50] PLAYER MISS across all 3 templates
[22:34:50] PLAYER MISS and STUMP MISS after 150.57 ms
[22:34:50] PLAYER MISS across all 3 templates
[22:34:50] PLAYER MISS and STUMP MISS after 170.73 ms
[22:34:50] PLAYER MISS across all 3 templates
[22:34:50] PLAYER MISS and STUMP MISS after 156.48 ms
[22:34:51] PLAYER MISS across all 3 templates
[22:34:51] PLAYER MISS and STUMP MISS after 244.5 ms
[22:34:51] PLAYER MISS across all 3 templates
[22:34:51] PLAYER MISS and STUMP MISS after 143.84 ms
[22:34:52] PLAYER MISS across all 3 templates
[22:34:52] STUMP TEMPLATE HIT stump1.png matches=1
[22:34:52] STUMP TEMPLATE HIT stump4.png matches=1
[22:34:52] STUMP TEMPLATE HIT stump5.png matches=2
[22:34:52] STUMPS FOUND WITHOUT PLAYER: count=3; elapsedMs=162.34
[22:34:52] PLAYER MISS across all 3 templates
[22:34:52] PLAYER MISS and STUMP MISS after 173.54 ms
[22:34:52] PLAYER FOUND template=SuperKiwi_text.png x=551 y=628
[22:34:52] PLAYER FOUND but STUMP MISS after 179.17 ms
[22:34:52] PLAYER FOUND template=SuperKiwi_selected.png x=540 y=606
[22:34:53] STUMP TEMPLATE HIT stump3.png matches=1
[22:34:53] STUMP 1 template=stump3.png x=202 y=554 dx=-348 dy=-41.5 distance=350.47
[22:34:53] DISTANCE RESULT: stumps=1; nearestIndex=0; dx=-348; dy=-41.5; distance=350.47; elapsedMs=156.43
[22:34:53] PLAYER FOUND template=SuperKiwi_text.png x=551 y=595
[22:34:53] PLAYER FOUND but STUMP MISS after 229.46 ms
[22:34:54] PLAYER FOUND template=SuperKiwi_text.png x=551 y=575
[22:34:54] PLAYER FOUND but STUMP MISS after 172.98 ms
[22:34:54] PLAYER FOUND template=SuperKiwi_text.png x=551 y=571
[22:34:54] STUMP TEMPLATE HIT stump3.png matches=1
[22:34:54] STUMP 1 template=stump3.png x=262 y=516 dx=-289 dy=-41.5 distance=291.96
[22:34:54] DISTANCE RESULT: stumps=1; nearestIndex=0; dx=-289; dy=-41.5; distance=291.96; elapsedMs=168.07
[22:34:54] PLAYER FOUND template=SuperKiwi_selected.png x=540 y=563
[22:34:54] PLAYER FOUND but STUMP MISS after 137.72 ms
[22:34:54] PLAYER FOUND template=SuperKiwi_selected.png x=543 y=560
[22:34:54] PLAYER FOUND but STUMP MISS after 142.07 ms
[22:34:55] PLAYER FOUND template=SuperKiwi_selected.png x=579 y=557
[22:34:55] PLAYER FOUND but STUMP MISS after 194.94 ms
[22:34:55] PLAYER FOUND template=SuperKiwi_selected.png x=609 y=557
[22:34:55] PLAYER FOUND but STUMP MISS after 213.72 ms
[22:34:56] PLAYER FOUND template=SuperKiwi_selected.png x=630 y=557
[22:34:56] PLAYER FOUND but STUMP MISS after 162.9 ms
[22:34:56] PLAYER FOUND template=SuperKiwi_text.png x=641 y=562
[22:34:56] STUMP TEMPLATE HIT stump3.png matches=1
[22:34:56] STUMP TEMPLATE HIT stump5.png matches=1
[22:34:56] STUMP 1 template=stump3.png x=339 y=508 dx=-302 dy=-40.5 distance=304.7
[22:34:56] STUMP 2 template=stump5.png x=871 y=510 dx=225.5 dy=-42 distance=229.38
[22:34:56] DISTANCE RESULT: stumps=2; nearestIndex=1; dx=225.5; dy=-42; distance=229.38; elapsedMs=201.29
[22:34:56] PLAYER FOUND template=SuperKiwi_selected.png x=630 y=557
[22:34:56] PLAYER FOUND but STUMP MISS after 144.96 ms
[22:34:57] PLAYER FOUND template=SuperKiwi_selected.png x=630 y=557
[22:34:57] STUMP TEMPLATE HIT stump4.png matches=1
[22:34:57] STUMP 1 template=stump4.png x=847 y=508 dx=199.5 dy=-45 distance=204.51
[22:34:57] DISTANCE RESULT: stumps=1; nearestIndex=0; dx=199.5; dy=-45; distance=204.51; elapsedMs=151.36
[22:34:57] PLAYER FOUND template=SuperKiwi_selected.png x=614 y=557
[22:34:57] STUMP TEMPLATE HIT stump1.png matches=1
[22:34:57] STUMP 1 template=stump1.png x=847 y=510 dx=216.5 dy=-36 distance=219.47
[22:34:57] DISTANCE RESULT: stumps=1; nearestIndex=0; dx=216.5; dy=-36; distance=219.47; elapsedMs=238.09
[22:34:57] PLAYER FOUND template=SuperKiwi_selected.png x=576 y=557
[22:34:57] STUMP TEMPLATE HIT stump4.png matches=1
[22:34:57] STUMP 1 template=stump4.png x=821 y=508 dx=227.5 dy=-45 distance=231.91
[22:34:57] DISTANCE RESULT: stumps=1; nearestIndex=0; dx=227.5; dy=-45; distance=231.91; elapsedMs=252.83
[22:34:58] PLAYER FOUND template=SuperKiwi_selected.png x=481 y=559
[22:34:58] STUMP TEMPLATE HIT stump4.png matches=1
[22:34:58] STUMP 1 template=stump4.png x=792 y=510 dx=293.5 dy=-45 distance=296.93
[22:34:58] DISTANCE RESULT: stumps=1; nearestIndex=0; dx=293.5; dy=-45; distance=296.93; elapsedMs=172.62
[22:34:58] PLAYER FOUND template=SuperKiwi_selected.png x=448 y=485
[22:34:58] STUMP TEMPLATE HIT stump1.png matches=1
[22:34:58] STUMP 1 template=stump1.png x=794 y=514 dx=329.5 dy=40 distance=331.92
[22:34:58] DISTANCE RESULT: stumps=1; nearestIndex=0; dx=329.5; dy=40; distance=331.92; elapsedMs=173.01
[22:34:59] PLAYER FOUND template=SuperKiwi_selected.png x=418 y=525
[22:34:59] STUMP TEMPLATE HIT stump5.png matches=1
[22:34:59] STUMP 1 template=stump5.png x=778 y=516 dx=345.5 dy=-2 distance=345.51
[22:34:59] DISTANCE RESULT: stumps=1; nearestIndex=0; dx=345.5; dy=-2; distance=345.51; elapsedMs=157.47
[22:34:59] PLAYER FOUND template=SuperKiwi_selected.png x=426 y=561
[22:34:59] STUMP TEMPLATE HIT stump1.png matches=1
[22:34:59] STUMP TEMPLATE HIT stump5.png matches=1
[22:34:59] STUMP 1 template=stump1.png x=780 y=514 dx=337.5 dy=-36 distance=339.41
[22:34:59] DISTANCE RESULT: stumps=1; nearestIndex=0; dx=337.5; dy=-36; distance=339.41; elapsedMs=208.55
[22:34:59] PLAYER FOUND template=SuperKiwi_selected.png x=462 y=485
[22:34:59] STUMP TEMPLATE HIT stump1.png matches=1
[22:34:59] STUMP TEMPLATE HIT stump5.png matches=1
[22:34:59] STUMP 1 template=stump1.png x=780 y=517 dx=301.5 dy=43 distance=304.55
[22:34:59] DISTANCE RESULT: stumps=1; nearestIndex=0; dx=301.5; dy=43; distance=304.55; elapsedMs=213.84
[22:34:59] PLAYER FOUND template=SuperKiwi_selected.png x=476 y=472
[22:34:59] STUMP TEMPLATE HIT stump1.png matches=1
[22:34:59] STUMP TEMPLATE HIT stump5.png matches=1
[22:34:59] STUMP 1 template=stump1.png x=780 y=523 dx=287.5 dy=62 distance=294.11
[22:34:59] DISTANCE RESULT: stumps=1; nearestIndex=0; dx=287.5; dy=62; distance=294.11; elapsedMs=190.44
[22:35:00] PLAYER FOUND template=SuperKiwi_selected.png x=476 y=440
[22:35:00] STUMP TEMPLATE HIT stump1.png matches=1
[22:35:00] STUMP TEMPLATE HIT stump5.png matches=1
[22:35:00] STUMP 1 template=stump1.png x=780 y=570 dx=287.5 dy=141 distance=320.21
[22:35:00] DISTANCE RESULT: stumps=1; nearestIndex=0; dx=287.5; dy=141; distance=320.21; elapsedMs=181.77
[22:35:00] PLAYER FOUND template=SuperKiwi_selected.png x=476 y=436
[22:35:00] STUMP TEMPLATE HIT stump1.png matches=1
[22:35:00] STUMP TEMPLATE HIT stump3.png matches=1
[22:35:00] STUMP TEMPLATE HIT stump5.png matches=1
[22:35:00] STUMP 1 template=stump1.png x=780 y=593 dx=287.5 dy=168 distance=332.99
[22:35:00] STUMP 2 template=stump3.png x=500 y=593 dx=14 dy=167.5 distance=168.08
[22:35:01] DISTANCE RESULT: stumps=2; nearestIndex=1; dx=14; dy=167.5; distance=168.08; elapsedMs=167.12
[22:35:01] PLAYER FOUND template=SuperKiwi_selected.png x=476 y=433
[22:35:01] STUMP TEMPLATE HIT stump1.png matches=1
[22:35:01] STUMP TEMPLATE HIT stump5.png matches=1
[22:35:01] STUMP 1 template=stump1.png x=780 y=618 dx=287.5 dy=196 distance=347.95
[22:35:01] DISTANCE RESULT: stumps=1; nearestIndex=0; dx=287.5; dy=196; distance=347.95; elapsedMs=188.1
[22:35:01] PLAYER FOUND template=SuperKiwi_selected.png x=476 y=431
[22:35:01] STUMP TEMPLATE HIT stump1.png matches=1
[22:35:01] STUMP TEMPLATE HIT stump3.png matches=1
[22:35:01] STUMP TEMPLATE HIT stump5.png matches=1
[22:35:01] STUMP 1 template=stump1.png x=780 y=647 dx=287.5 dy=227 distance=366.31
[22:35:01] STUMP 2 template=stump3.png x=521 y=650 dx=35 dy=229.5 distance=232.15
[22:35:01] DISTANCE RESULT: stumps=2; nearestIndex=1; dx=35; dy=229.5; distance=232.15; elapsedMs=224.5
[22:35:01] PLAYER FOUND template=SuperKiwi_selected.png x=476 y=446
[22:35:01] STUMP TEMPLATE HIT stump1.png matches=1
[22:35:01] STUMP TEMPLATE HIT stump5.png matches=1
[22:35:01] STUMP 1 template=stump1.png x=780 y=672 dx=287.5 dy=237 distance=372.59
[22:35:01] DISTANCE RESULT: stumps=1; nearestIndex=0; dx=287.5; dy=237; distance=372.59; elapsedMs=218.12
[22:35:02] PLAYER FOUND template=SuperKiwi_selected.png x=476 y=460
[22:35:02] STUMP TEMPLATE HIT stump1.png matches=1
[22:35:02] STUMP TEMPLATE HIT stump5.png matches=1
[22:35:02] STUMP 1 template=stump1.png x=780 y=685 dx=287.5 dy=236 distance=371.96
[22:35:02] DISTANCE RESULT: stumps=1; nearestIndex=0; dx=287.5; dy=236; distance=371.96; elapsedMs=162.21
[22:35:02] PLAYER FOUND template=SuperKiwi_selected.png x=476 y=484
[22:35:02] STUMP TEMPLATE HIT stump1.png matches=1
[22:35:02] STUMP TEMPLATE HIT stump5.png matches=1
[22:35:02] STUMP 1 template=stump1.png x=780 y=709 dx=287.5 dy=236 distance=371.96
[22:35:02] DISTANCE RESULT: stumps=1; nearestIndex=0; dx=287.5; dy=236; distance=371.96; elapsedMs=175.19
[22:35:03] PLAYER FOUND template=SuperKiwi_selected.png x=476 y=489
[22:35:03] STUMP TEMPLATE HIT stump1.png matches=1
[22:35:03] STUMP TEMPLATE HIT stump5.png matches=1
[22:35:03] STUMP 1 template=stump1.png x=780 y=714 dx=287.5 dy=236 distance=371.96
[22:35:03] DISTANCE RESULT: stumps=1; nearestIndex=0; dx=287.5; dy=236; distance=371.96; elapsedMs=179.18
[22:35:03] PLAYER FOUND template=SuperKiwi_selected.png x=476 y=493
[22:35:03] STUMP TEMPLATE HIT stump1.png matches=1
[22:35:03] STUMP TEMPLATE HIT stump5.png matches=1
[22:35:03] STUMP 1 template=stump1.png x=780 y=718 dx=287.5 dy=236 distance=371.96
[22:35:03] DISTANCE RESULT: stumps=1; nearestIndex=0; dx=287.5; dy=236; distance=371.96; elapsedMs=204.21
[22:35:03] PLAYER FOUND template=SuperKiwi_selected.png x=476 y=497
[22:35:03] PLAYER FOUND but STUMP MISS after 182.09 ms
[22:35:03] PLAYER FOUND template=SuperKiwi_selected.png x=476 y=499
[22:35:04] PLAYER FOUND but STUMP MISS after 135.18 ms
[22:35:04] PLAYER FOUND template=SuperKiwi_selected.png x=476 y=501
[22:35:04] STUMP TEMPLATE HIT stump5.png matches=1
[22:35:04] STUMP 1 template=stump5.png x=752 y=725 dx=261.5 dy=231 distance=348.92
[22:35:04] DISTANCE RESULT: stumps=1; nearestIndex=0; dx=261.5; dy=231; distance=348.92; elapsedMs=187.08
[22:35:04] Continuous distance search disabled: Stopped by user.
[22:35:24] Maple Stump Distance POC v2 stopped
